// Jest Snapshot v1, https://goo.gl/fbAQLP

exports[`Pokemon DashboardPage render should render correctly 1`] = `
<DocumentFragment>
  <div
    class="sc-jqUVSM dvldzU"
  >
    <div
      class="sc-kDDrLX brhNHo"
    >
      Who are you looking for?
    </div>
    <div>
      <input
        class="sc-iqcoie bHAfKa"
        placeholder="E.g Pikachu"
        type="search"
      />
      <button
        class="MuiButtonBase-root MuiIconButton-root sc-fLlhyt hbrTCC"
        tabindex="0"
        type="button"
      >
        <span
          class="MuiIconButton-label"
        >
          <svg
            aria-hidden="true"
            class="MuiSvgIcon-root MuiSvgIcon-colorPrimary"
            focusable="false"
            viewBox="0 0 24 24"
          >
            <path
              d="M15.5 14h-.79l-.28-.27C15.41 12.59 16 11.11 16 9.5 16 5.91 13.09 3 9.5 3S3 5.91 3 9.5 5.91 16 9.5 16c1.61 0 3.09-.59 4.23-1.57l.27.28v.79l5 4.99L20.49 19l-4.99-5zm-6 0C7.01 14 5 11.99 5 9.5S7.01 5 9.5 5 14 7.01 14 9.5 11.99 14 9.5 14z"
            />
          </svg>
        </span>
        <span
          class="MuiTouchRipple-root"
        />
      </button>
    </div>
  </div>
  <div
    class="infinite-scroll-component__outerdiv"
  >
    <div
      class="infinite-scroll-component "
      style="height: auto; overflow: auto;"
    >
      <div
        class="sc-fEOsli hXQQzM"
      />
      <div
        class="sc-fEOsli hXQQzM"
      >
        <div
          class="sc-bjUoiL xAOhY"
        >
          <h4>
            Loading...
          </h4>
        </div>
      </div>
    </div>
  </div>
</DocumentFragment>
`;
